11:10:56 **** Incremental Build of configuration Debug for project Lab1_Ex10 ****
make -j12 all 
arm-none-eabi-gcc "../Core/Src/main.c" -mcpu=cortex-m3 -std=gnu11 -g3 -DDEBUG -DUSE_HAL_DRIVER -DSTM32F103x6 -c -I../Core/Inc -I../Drivers/STM32F1xx_HAL_Driver/Inc -I../Drivers/STM32F1xx_HAL_Driver/Inc/Legacy -I../Drivers/CMSIS/Device/ST/STM32F1xx/Include -I../Drivers/CMSIS/Include -O0 -ffunction-sections -fdata-sections -Wall -fstack-usage -MMD -MP -MF"Core/Src/main.d" -MT"Core/Src/main.o" --specs=nano.specs -mfloat-abi=soft -mthumb -o "Core/Src/main.o"
arm-none-eabi-gcc -o "Lab1_Ex10.elf" @"objects.list"   -mcpu=cortex-m3 -T"D:\TAI_LIEU\HK_7\MicronProcessor_MicroController\Lab_1\Lab1_STM32CubeIDE\Lab1_Ex10\STM32F103C6UX_FLASH.ld" --specs=nosys.specs -Wl,-Map="Lab1_Ex10.map" -Wl,--gc-sections -static --specs=nano.specs -mfloat-abi=soft -mthumb -Wl,--start-group -lc -lm -Wl,--end-group
Finished building target: Lab1_Ex10.elf
 
arm-none-eabi-size   Lab1_Ex10.elf 
arm-none-eabi-objdump -h -S  Lab1_Ex10.elf  > "Lab1_Ex10.list"
   text	   data	    bss	    dec	    hex	filename
   5048	     20	   1572	   6640	   19f0	Lab1_Ex10.elf
arm-none-eabi-objcopy  -O ihex  Lab1_Ex10.elf  "Lab1_Ex10.hex"
Finished building: default.size.stdout
arm-none-eabi-objcopy  -O binary  Lab1_Ex10.elf  "Lab1_Ex10.bin"
 
Finished building: Lab1_Ex10.hex
Finished building: Lab1_Ex10.bin
 
 
Finished building: Lab1_Ex10.list
 

11:10:57 Build Finished. 0 errors, 0 warnings. (took 954ms)

